// Jest Snapshot v1, https://goo.gl/fbAQLP

exports[`<Game /> testit Renderöityy oikein 1`] = `
Array [
  <View
    style={
      Object {
        "marginTop": 2,
        "minHeight": 59,
        "width": "100%",
      }
    }
  >
    <RCTScrollView
      contentContainerStyle={
        Object {
          "alignItems": "flex-end",
          "display": "flex",
          "flexDirection": "row",
        }
      }
      horizontal={true}
      showsHorizontalScrollIndicator={false}
    >
      <View>
        <View
          accessible={true}
          collapsable={false}
          focusable={true}
          onBlur={[Function]}
          onClick={[Function]}
          onFocus={[Function]}
          onResponderGrant={[Function]}
          onResponderMove={[Function]}
          onResponderRelease={[Function]}
          onResponderTerminate={[Function]}
          onResponderTerminationRequest={[Function]}
          onStartShouldSetResponder={[Function]}
          testID="SingleTab"
        >
          <View
            collapsable={false}
            style={
              Object {
                "alignItems": "center",
                "backgroundColor": "rgb(180,220,180)",
                "borderBottomWidth": 0,
                "borderColor": "#6a6a6a",
                "borderTopLeftRadius": 5,
                "borderTopRightRadius": 5,
                "borderWidth": 1,
                "elevation": 2,
                "height": 57,
                "justifyContent": "center",
                "minHeight": 47,
                "opacity": 1,
                "width": 57,
              }
            }
          >
            <Text
              style={
                Object {
                  "fontSize": 19,
                  "fontWeight": "bold",
                }
              }
            >
              1
            </Text>
          </View>
        </View>
        <View
          style={
            Object {
              "borderBottomColor": "#6a6a6a",
              "borderBottomWidth": 1,
              "width": 1,
            }
          }
        />
        <View
          accessible={true}
          collapsable={false}
          focusable={true}
          onBlur={[Function]}
          onClick={[Function]}
          onFocus={[Function]}
          onResponderGrant={[Function]}
          onResponderMove={[Function]}
          onResponderRelease={[Function]}
          onResponderTerminate={[Function]}
          onResponderTerminationRequest={[Function]}
          onStartShouldSetResponder={[Function]}
          testID="SingleTab"
        >
          <View
            collapsable={false}
            style={
              Object {
                "alignItems": "center",
                "backgroundColor": "rgb(180,220,180)",
                "borderColor": "#6a6a6a",
                "borderTopLeftRadius": 5,
                "borderTopRightRadius": 5,
                "borderWidth": 1,
                "height": 47,
                "justifyContent": "center",
                "minHeight": 47,
                "opacity": 0.7,
                "width": 47,
              }
            }
          >
            <Text
              style={
                Object {
                  "fontSize": 17,
                  "fontWeight": "600",
                }
              }
            >
              2
            </Text>
          </View>
        </View>
        <View
          style={
            Object {
              "borderBottomColor": "#6a6a6a",
              "borderBottomWidth": 1,
              "width": 1,
            }
          }
        />
        <View
          accessible={true}
          collapsable={false}
          focusable={true}
          onBlur={[Function]}
          onClick={[Function]}
          onFocus={[Function]}
          onResponderGrant={[Function]}
          onResponderMove={[Function]}
          onResponderRelease={[Function]}
          onResponderTerminate={[Function]}
          onResponderTerminationRequest={[Function]}
          onStartShouldSetResponder={[Function]}
          testID="SingleTab"
        >
          <View
            collapsable={false}
            style={
              Object {
                "alignItems": "center",
                "backgroundColor": "rgb(180,220,180)",
                "borderColor": "#6a6a6a",
                "borderTopLeftRadius": 5,
                "borderTopRightRadius": 5,
                "borderWidth": 1,
                "height": 47,
                "justifyContent": "center",
                "minHeight": 47,
                "opacity": 0.7,
                "width": 47,
              }
            }
          >
            <Text
              style={
                Object {
                  "fontSize": 17,
                  "fontWeight": "600",
                }
              }
            >
              3
            </Text>
          </View>
        </View>
        <View
          style={
            Object {
              "borderBottomColor": "#6a6a6a",
              "borderBottomWidth": 1,
              "width": 1,
            }
          }
        />
        <View
          accessible={true}
          collapsable={false}
          focusable={true}
          onBlur={[Function]}
          onClick={[Function]}
          onFocus={[Function]}
          onResponderGrant={[Function]}
          onResponderMove={[Function]}
          onResponderRelease={[Function]}
          onResponderTerminate={[Function]}
          onResponderTerminationRequest={[Function]}
          onStartShouldSetResponder={[Function]}
          testID="SingleTab"
        >
          <View
            collapsable={false}
            style={
              Object {
                "alignItems": "center",
                "backgroundColor": "rgb(180,220,180)",
                "borderColor": "#6a6a6a",
                "borderTopLeftRadius": 5,
                "borderTopRightRadius": 5,
                "borderWidth": 1,
                "height": 47,
                "justifyContent": "center",
                "minHeight": 47,
                "opacity": 0.7,
                "width": 47,
              }
            }
          >
            <Text
              style={
                Object {
                  "fontSize": 17,
                  "fontWeight": "600",
                }
              }
            >
              4
            </Text>
          </View>
        </View>
        <View
          style={
            Object {
              "borderBottomColor": "#6a6a6a",
              "borderBottomWidth": 1,
              "width": 1,
            }
          }
        />
        <View
          accessible={true}
          collapsable={false}
          focusable={true}
          onBlur={[Function]}
          onClick={[Function]}
          onFocus={[Function]}
          onResponderGrant={[Function]}
          onResponderMove={[Function]}
          onResponderRelease={[Function]}
          onResponderTerminate={[Function]}
          onResponderTerminationRequest={[Function]}
          onStartShouldSetResponder={[Function]}
          testID="SingleTab"
        >
          <View
            collapsable={false}
            style={
              Object {
                "alignItems": "center",
                "backgroundColor": "rgb(180,220,180)",
                "borderColor": "#6a6a6a",
                "borderTopLeftRadius": 5,
                "borderTopRightRadius": 5,
                "borderWidth": 1,
                "height": 47,
                "justifyContent": "center",
                "minHeight": 47,
                "opacity": 0.7,
                "width": 47,
              }
            }
          >
            <Text
              style={
                Object {
                  "fontSize": 17,
                  "fontWeight": "600",
                }
              }
            >
              5
            </Text>
          </View>
        </View>
        <View
          style={
            Object {
              "borderBottomColor": "#6a6a6a",
              "borderBottomWidth": 1,
              "width": 1,
            }
          }
        />
      </View>
    </RCTScrollView>
  </View>,
  <View
    style={
      Array [
        undefined,
        undefined,
        undefined,
        Object {
          "flex": 1,
        },
        Object {
          "backgroundColor": "#f6f6f6",
          "padding": 0,
        },
        undefined,
        undefined,
      ]
    }
  >
    <View
      onTouchEnd={[Function]}
      onTouchStart={[Function]}
      style={
        Object {
          "minHeight": "100%",
        }
      }
    >
      <View
        style={
          Object {
            "padding": 10,
          }
        }
      >
        <Text
          numberOfLines={1}
          style={
            Object {
              "fontSize": 26,
              "fontWeight": "bold",
            }
          }
          testID="GameRata"
        >
          MockedCourse1
        </Text>
        <Text
          style={
            Object {
              "color": "gray",
            }
          }
          testID="GameLayout"
        >
          MockedLayout1
          , #
          1
           par 
          3
        </Text>
      </View>
      <RCTScrollView
        style={
          Object {
            "flex": 1,
          }
        }
      >
        <View>
          <View>
            <View
              onLayout={[Function]}
              style={
                Array [
                  Object {
                    "alignSelf": "center",
                    "borderRadius": 4,
                    "elevation": 3,
                    "marginBottom": 8,
                    "width": "96%",
                  },
                  Object {
                    "backgroundColor": "#ffffff",
                  },
                ]
              }
            >
              <View
                accessible={true}
                collapsable={false}
                focusable={true}
                onBlur={[Function]}
                onClick={[Function]}
                onFocus={[Function]}
                onResponderGrant={[Function]}
                onResponderMove={[Function]}
                onResponderRelease={[Function]}
                onResponderTerminate={[Function]}
                onResponderTerminationRequest={[Function]}
                onStartShouldSetResponder={[Function]}
              >
                <View
                  style={
                    Array [
                      Object {
                        "alignItems": "center",
                        "display": "flex",
                        "flexDirection": "row",
                        "justifyContent": "space-between",
                        "width": "100%",
                      },
                      undefined,
                      undefined,
                      undefined,
                      Object {
                        "backgroundColor": "#d8e8d8",
                        "borderTopLeftRadius": 4,
                        "borderTopRightRadius": 4,
                        "paddingHorizontal": 15,
                        "paddingVertical": 10,
                      },
                    ]
                  }
                >
                  <Text
                    style={
                      Object {
                        "fontSize": 21,
                        "fontWeight": "600",
                      }
                    }
                  >
                    MockerUser1
                  </Text>
                  <Text
                    style={
                      Object {
                        "fontSize": 21,
                        "fontWeight": "bold",
                      }
                    }
                  >
                    +2
                  </Text>
                </View>
              </View>
              <View
                style={
                  Object {
                    "paddingHorizontal": 15,
                    "paddingVertical": 20,
                  }
                }
              >
                <RCTScrollView
                  data={
                    Array [
                      1,
                      2,
                      3,
                      4,
                      5,
                      6,
                      7,
                      8,
                      9,
                    ]
                  }
                  getItem={[Function]}
                  getItemCount={[Function]}
                  horizontal={true}
                  initialScrollIndex={0}
                  keyExtractor={[Function]}
                  onContentSizeChange={[Function]}
                  onEndReached={[Function]}
                  onEndReachedThreshold={0.1}
                  onLayout={[Function]}
                  onMomentumScrollBegin={[Function]}
                  onMomentumScrollEnd={[Function]}
                  onScroll={[Function]}
                  onScrollBeginDrag={[Function]}
                  onScrollEndDrag={[Function]}
                  removeClippedSubviews={false}
                  renderItem={[Function]}
                  scrollEventThrottle={50}
                  stickyHeaderIndices={Array []}
                  viewabilityConfigCallbackPairs={Array []}
                >
                  <View>
                    <View
                      onLayout={[Function]}
                      style={
                        Array [
                          Object {
                            "flexDirection": "row",
                          },
                          null,
                        ]
                      }
                    >
                      <View
                        accessible={true}
                        collapsable={false}
                        focusable={true}
                        onBlur={[Function]}
                        onClick={[Function]}
                        onFocus={[Function]}
                        onResponderGrant={[Function]}
                        onResponderMove={[Function]}
                        onResponderRelease={[Function]}
                        onResponderTerminate={[Function]}
                        onResponderTerminationRequest={[Function]}
                        onStartShouldSetResponder={[Function]}
                        style={
                          Array [
                            Object {
                              "alignItems": "center",
                              "backgroundColor": "lightgray",
                              "borderColor": "#000",
                              "borderRadius": 7,
                              "borderWidth": 1,
                              "display": "flex",
                              "elevation": 2,
                              "height": 45,
                              "justifyContent": "center",
                              "marginRight": 5,
                              "width": 45,
                            },
                            false,
                            false,
                            false,
                          ]
                        }
                      >
                        <Text
                          style={
                            Object {
                              "color": "#4a4a4a",
                              "fontSize": 18,
                              "fontWeight": "600",
                            }
                          }
                        >
                          1
                        </Text>
                      </View>
                    </View>
                    <View
                      onLayout={[Function]}
                      style={
                        Array [
                          Object {
                            "flexDirection": "row",
                          },
                          null,
                        ]
                      }
                    >
                      <View
                        accessible={true}
                        collapsable={false}
                        focusable={true}
                        onBlur={[Function]}
                        onClick={[Function]}
                        onFocus={[Function]}
                        onResponderGrant={[Function]}
                        onResponderMove={[Function]}
                        onResponderRelease={[Function]}
                        onResponderTerminate={[Function]}
                        onResponderTerminationRequest={[Function]}
                        onStartShouldSetResponder={[Function]}
                        style={
                          Array [
                            Object {
                              "alignItems": "center",
                              "backgroundColor": "lightgray",
                              "borderColor": "#000",
                              "borderRadius": 7,
                              "borderWidth": 1,
                              "display": "flex",
                              "elevation": 2,
                              "height": 45,
                              "justifyContent": "center",
                              "marginRight": 5,
                              "width": 45,
                            },
                            false,
                            false,
                            false,
                          ]
                        }
                      >
                        <Text
                          style={
                            Object {
                              "color": "#4a4a4a",
                              "fontSize": 18,
                              "fontWeight": "600",
                            }
                          }
                        >
                          2
                        </Text>
                      </View>
                    </View>
                    <View
                      onLayout={[Function]}
                      style={
                        Array [
                          Object {
                            "flexDirection": "row",
                          },
                          null,
                        ]
                      }
                    >
                      <View
                        accessible={true}
                        collapsable={false}
                        focusable={true}
                        onBlur={[Function]}
                        onClick={[Function]}
                        onFocus={[Function]}
                        onResponderGrant={[Function]}
                        onResponderMove={[Function]}
                        onResponderRelease={[Function]}
                        onResponderTerminate={[Function]}
                        onResponderTerminationRequest={[Function]}
                        onStartShouldSetResponder={[Function]}
                        style={
                          Array [
                            Object {
                              "alignItems": "center",
                              "backgroundColor": "lightgray",
                              "borderColor": "#000",
                              "borderRadius": 7,
                              "borderWidth": 1,
                              "display": "flex",
                              "elevation": 2,
                              "height": 45,
                              "justifyContent": "center",
                              "marginRight": 5,
                              "width": 45,
                            },
                            false,
                            Object {
                              "backgroundColor": "#8ecf8a",
                              "borderColor": "green",
                            },
                            false,
                          ]
                        }
                      >
                        <Text
                          style={
                            Object {
                              "color": "#4a4a4a",
                              "fontSize": 18,
                              "fontWeight": "600",
                            }
                          }
                        >
                          3
                        </Text>
                      </View>
                    </View>
                    <View
                      onLayout={[Function]}
                      style={
                        Array [
                          Object {
                            "flexDirection": "row",
                          },
                          null,
                        ]
                      }
                    >
                      <View
                        accessible={true}
                        collapsable={false}
                        focusable={true}
                        onBlur={[Function]}
                        onClick={[Function]}
                        onFocus={[Function]}
                        onResponderGrant={[Function]}
                        onResponderMove={[Function]}
                        onResponderRelease={[Function]}
                        onResponderTerminate={[Function]}
                        onResponderTerminationRequest={[Function]}
                        onStartShouldSetResponder={[Function]}
                        style={
                          Array [
                            Object {
                              "alignItems": "center",
                              "backgroundColor": "lightgray",
                              "borderColor": "#000",
                              "borderRadius": 7,
                              "borderWidth": 1,
                              "display": "flex",
                              "elevation": 2,
                              "height": 45,
                              "justifyContent": "center",
                              "marginRight": 5,
                              "width": 45,
                            },
                            false,
                            false,
                            false,
                          ]
                        }
                      >
                        <Text
                          style={
                            Object {
                              "color": "#4a4a4a",
                              "fontSize": 18,
                              "fontWeight": "600",
                            }
                          }
                        >
                          4
                        </Text>
                      </View>
                    </View>
                    <View
                      onLayout={[Function]}
                      style={
                        Array [
                          Object {
                            "flexDirection": "row",
                          },
                          null,
                        ]
                      }
                    >
                      <View
                        accessible={true}
                        collapsable={false}
                        focusable={true}
                        onBlur={[Function]}
                        onClick={[Function]}
                        onFocus={[Function]}
                        onResponderGrant={[Function]}
                        onResponderMove={[Function]}
                        onResponderRelease={[Function]}
                        onResponderTerminate={[Function]}
                        onResponderTerminationRequest={[Function]}
                        onStartShouldSetResponder={[Function]}
                        style={
                          Array [
                            Object {
                              "alignItems": "center",
                              "backgroundColor": "lightgray",
                              "borderColor": "#000",
                              "borderRadius": 7,
                              "borderWidth": 1,
                              "display": "flex",
                              "elevation": 2,
                              "height": 45,
                              "justifyContent": "center",
                              "marginRight": 5,
                              "width": 45,
                            },
                            false,
                            false,
                            false,
                          ]
                        }
                      >
                        <Text
                          style={
                            Object {
                              "color": "#4a4a4a",
                              "fontSize": 18,
                              "fontWeight": "600",
                            }
                          }
                        >
                          5
                        </Text>
                      </View>
                    </View>
                    <View
                      onLayout={[Function]}
                      style={
                        Array [
                          Object {
                            "flexDirection": "row",
                          },
                          null,
                        ]
                      }
                    >
                      <View
                        accessible={true}
                        collapsable={false}
                        focusable={true}
                        onBlur={[Function]}
                        onClick={[Function]}
                        onFocus={[Function]}
                        onResponderGrant={[Function]}
                        onResponderMove={[Function]}
                        onResponderRelease={[Function]}
                        onResponderTerminate={[Function]}
                        onResponderTerminationRequest={[Function]}
                        onStartShouldSetResponder={[Function]}
                        style={
                          Array [
                            Object {
                              "alignItems": "center",
                              "backgroundColor": "lightgray",
                              "borderColor": "#000",
                              "borderRadius": 7,
                              "borderWidth": 1,
                              "display": "flex",
                              "elevation": 2,
                              "height": 45,
                              "justifyContent": "center",
                              "marginRight": 5,
                              "width": 45,
                            },
                            false,
                            false,
                            false,
                          ]
                        }
                      >
                        <Text
                          style={
                            Object {
                              "color": "#4a4a4a",
                              "fontSize": 18,
                              "fontWeight": "600",
                            }
                          }
                        >
                          6
                        </Text>
                      </View>
                    </View>
                    <View
                      onLayout={[Function]}
                      style={
                        Array [
                          Object {
                            "flexDirection": "row",
                          },
                          null,
                        ]
                      }
                    >
                      <View
                        accessible={true}
                        collapsable={false}
                        focusable={true}
                        onBlur={[Function]}
                        onClick={[Function]}
                        onFocus={[Function]}
                        onResponderGrant={[Function]}
                        onResponderMove={[Function]}
                        onResponderRelease={[Function]}
                        onResponderTerminate={[Function]}
                        onResponderTerminationRequest={[Function]}
                        onStartShouldSetResponder={[Function]}
                        style={
                          Array [
                            Object {
                              "alignItems": "center",
                              "backgroundColor": "lightgray",
                              "borderColor": "#000",
                              "borderRadius": 7,
                              "borderWidth": 1,
                              "display": "flex",
                              "elevation": 2,
                              "height": 45,
                              "justifyContent": "center",
                              "marginRight": 5,
                              "width": 45,
                            },
                            false,
                            false,
                            false,
                          ]
                        }
                      >
                        <Text
                          style={
                            Object {
                              "color": "#4a4a4a",
                              "fontSize": 18,
                              "fontWeight": "600",
                            }
                          }
                        >
                          7
                        </Text>
                      </View>
                    </View>
                    <View
                      onLayout={[Function]}
                      style={
                        Array [
                          Object {
                            "flexDirection": "row",
                          },
                          null,
                        ]
                      }
                    >
                      <View
                        accessible={true}
                        collapsable={false}
                        focusable={true}
                        onBlur={[Function]}
                        onClick={[Function]}
                        onFocus={[Function]}
                        onResponderGrant={[Function]}
                        onResponderMove={[Function]}
                        onResponderRelease={[Function]}
                        onResponderTerminate={[Function]}
                        onResponderTerminationRequest={[Function]}
                        onStartShouldSetResponder={[Function]}
                        style={
                          Array [
                            Object {
                              "alignItems": "center",
                              "backgroundColor": "lightgray",
                              "borderColor": "#000",
                              "borderRadius": 7,
                              "borderWidth": 1,
                              "display": "flex",
                              "elevation": 2,
                              "height": 45,
                              "justifyContent": "center",
                              "marginRight": 5,
                              "width": 45,
                            },
                            false,
                            false,
                            false,
                          ]
                        }
                      >
                        <Text
                          style={
                            Object {
                              "color": "#4a4a4a",
                              "fontSize": 18,
                              "fontWeight": "600",
                            }
                          }
                        >
                          8
                        </Text>
                      </View>
                    </View>
                    <View
                      onLayout={[Function]}
                      style={
                        Array [
                          Object {
                            "flexDirection": "row",
                          },
                          null,
                        ]
                      }
                    >
                      <View
                        accessible={true}
                        collapsable={false}
                        focusable={true}
                        onBlur={[Function]}
                        onClick={[Function]}
                        onFocus={[Function]}
                        onResponderGrant={[Function]}
                        onResponderMove={[Function]}
                        onResponderRelease={[Function]}
                        onResponderTerminate={[Function]}
                        onResponderTerminationRequest={[Function]}
                        onStartShouldSetResponder={[Function]}
                        style={
                          Array [
                            Object {
                              "alignItems": "center",
                              "backgroundColor": "lightgray",
                              "borderColor": "#000",
                              "borderRadius": 7,
                              "borderWidth": 1,
                              "display": "flex",
                              "elevation": 2,
                              "height": 45,
                              "justifyContent": "center",
                              "marginRight": 5,
                              "width": 45,
                            },
                            false,
                            false,
                            false,
                          ]
                        }
                      >
                        <Text
                          style={
                            Object {
                              "color": "#4a4a4a",
                              "fontSize": 18,
                              "fontWeight": "600",
                            }
                          }
                        >
                          9
                        </Text>
                      </View>
                    </View>
                  </View>
                </RCTScrollView>
              </View>
            </View>
            <View
              style={
                Object {
                  "height": 70,
                }
              }
            />
          </View>
        </View>
      </RCTScrollView>
    </View>
  </View>,
]
`;
