// Jest Snapshot v1, https://goo.gl/fbAQLP

exports[`<Settings /> test render properly 1`] = `
<RCTScrollView
  contentContainerStyle={
    [
      undefined,
      undefined,
      undefined,
      false,
      {
        "backgroundColor": "#f6f6f6",
        "padding": 0,
      },
      undefined,
      undefined,
    ]
  }
>
  <View>
    <Text
      style={
        [
          {
            "color": "#000000",
            "fontFamily": "System",
            "fontWeight": "400",
          },
          {
            "textAlign": "left",
          },
          [
            {
              "textAlign": "left",
            },
            {
              "color": "rgba(0, 0, 0, 0.87)",
              "fontFamily": "System",
              "fontWeight": "500",
              "writingDirection": "ltr",
            },
            [
              {
                "fontSize": 20,
                "letterSpacing": 0.15,
                "lineHeight": 30,
                "marginVertical": 2,
              },
              {
                "marginLeft": 15,
                "marginTop": 10,
              },
            ],
          ],
        ]
      }
    >
      Friends
    </Text>
    <View
      accessibilityState={
        {
          "busy": undefined,
          "checked": undefined,
          "disabled": undefined,
          "expanded": undefined,
          "selected": undefined,
        }
      }
      accessibilityValue={
        {
          "max": undefined,
          "min": undefined,
          "now": undefined,
          "text": undefined,
        }
      }
      accessible={true}
      collapsable={false}
      focusable={true}
      onBlur={[Function]}
      onClick={[Function]}
      onFocus={[Function]}
      onResponderGrant={[Function]}
      onResponderMove={[Function]}
      onResponderRelease={[Function]}
      onResponderTerminate={[Function]}
      onResponderTerminationRequest={[Function]}
      onStartShouldSetResponder={[Function]}
    >
      <View
        style={
          [
            {
              "alignItems": "center",
              "display": "flex",
              "flexDirection": "row",
              "justifyContent": "space-between",
              "width": "100%",
            },
            undefined,
            undefined,
            undefined,
            [
              {
                "maxWidth": "100%",
                "paddingHorizontal": 15,
                "paddingVertical": 12,
              },
              {
                "borderBottomColor": "rgba(0,0,0,0.3)",
                "borderBottomWidth": 0.5,
              },
            ],
          ]
        }
      >
        <Text
          style={
            {
              "flexShrink": 1,
              "marginRight": 10,
            }
          }
        >
          Block other users from adding you as a friend
        </Text>
        <RCTSwitch
          accessibilityRole="switch"
          onChange={[Function]}
          onResponderTerminationRequest={[Function]}
          onStartShouldSetResponder={[Function]}
          onTintColor="#03dac4"
          style={
            {
              "height": 31,
              "width": 51,
            }
          }
          testID="blockFriendRequestsSwitch"
          tintColor=""
          value={false}
        />
      </View>
    </View>
    <View
      style={
        [
          {
            "backgroundColor": "rgba(0, 0, 0, 0.12)",
            "height": 0.5,
          },
          undefined,
          [
            {
              "borderColor": "#6200ee",
              "borderTopWidth": 1,
              "height": 1,
              "marginBottom": 13,
              "marginTop": 13,
            },
            {
              "opacity": 0.5,
            },
          ],
        ]
      }
    />
    <View
      style={
        {
          "paddingHorizontal": 13,
        }
      }
    >
      <Text
        style={
          [
            {
              "color": "#000000",
              "fontFamily": "System",
              "fontWeight": "400",
            },
            {
              "textAlign": "left",
            },
            [
              {
                "textAlign": "left",
              },
              {
                "color": "rgba(0, 0, 0, 0.87)",
                "fontFamily": "System",
                "fontWeight": "500",
                "writingDirection": "ltr",
              },
              [
                {
                  "fontSize": 20,
                  "letterSpacing": 0.15,
                  "lineHeight": 30,
                  "marginVertical": 2,
                },
                undefined,
              ],
            ],
          ]
        }
      >
        Change password
      </Text>
      <View
        style={
          {
            "maxWidth": 250,
          }
        }
      >
        <View
          pointerEvents="none"
          style={
            [
              {
                "bottom": 0,
                "left": 0,
                "position": "absolute",
                "right": 0,
                "top": 6,
              },
              {
                "backgroundColor": "#f6f6f6",
                "borderColor": "rgba(0, 0, 0, 0.54)",
                "borderRadius": 4,
                "borderWidth": 1,
              },
            ]
          }
          testID="text-input-outline"
        />
        <View>
          <View
            style={
              [
                {
                  "paddingBottom": 0,
                },
                {
                  "minHeight": 48,
                  "paddingTop": 8,
                },
              ]
            }
          >
            <View
              collapsable={false}
              pointerEvents="none"
              style={
                {
                  "bottom": 0,
                  "left": 0,
                  "opacity": 1,
                  "position": "absolute",
                  "right": 0,
                  "top": 0,
                  "transform": [
                    {
                      "translateX": 0,
                    },
                  ],
                  "zIndex": 3,
                }
              }
            >
              <View
                collapsable={false}
                pointerEvents="none"
                style={
                  {
                    "backgroundColor": "#f6f6f6",
                    "bottom": 4,
                    "left": 10,
                    "maxHeight": 2,
                    "opacity": 0,
                    "position": "absolute",
                    "right": 0,
                    "top": 6,
                    "transform": [
                      {
                        "translateX": 0,
                      },
                    ],
                    "width": 12,
                  }
                }
              />
              <Text
                collapsable={false}
                maxFontSizeMultiplier={1.5}
                numberOfLines={1}
                style={
                  {
                    "backgroundColor": "#f6f6f6",
                    "color": "transparent",
                    "fontFamily": "System",
                    "fontSize": 16,
                    "fontWeight": undefined,
                    "left": 18,
                    "maxWidth": -28,
                    "opacity": 0,
                    "paddingHorizontal": 0,
                    "position": "absolute",
                    "textAlign": "left",
                    "top": 29,
                    "transform": [
                      {
                        "translateX": 0,
                      },
                      {
                        "translateY": 0,
                      },
                      {
                        "scale": 1,
                      },
                      {
                        "scaleY": 1,
                      },
                    ],
                    "writingDirection": "ltr",
                  }
                }
              >
                New password
              </Text>
              <Text
                collapsable={false}
                maxFontSizeMultiplier={1.5}
                numberOfLines={1}
                onLayout={[Function]}
                style={
                  {
                    "color": "#6200ee",
                    "fontFamily": "System",
                    "fontSize": 16,
                    "fontWeight": undefined,
                    "left": 0,
                    "opacity": 0,
                    "paddingHorizontal": 14,
                    "position": "absolute",
                    "textAlign": "left",
                    "top": 28,
                    "transform": [
                      {
                        "translateX": 0,
                      },
                      {
                        "translateY": 0,
                      },
                      {
                        "scale": 1,
                      },
                    ],
                    "writingDirection": "ltr",
                  }
                }
              >
                New password
              </Text>
              <Text
                collapsable={false}
                maxFontSizeMultiplier={1.5}
                numberOfLines={1}
                style={
                  {
                    "color": "rgba(0, 0, 0, 0.54)",
                    "fontFamily": "System",
                    "fontSize": 16,
                    "fontWeight": undefined,
                    "left": 0,
                    "opacity": 0,
                    "paddingHorizontal": 14,
                    "position": "absolute",
                    "textAlign": "left",
                    "top": 28,
                    "transform": [
                      {
                        "translateX": 0,
                      },
                      {
                        "translateY": 0,
                      },
                      {
                        "scale": 1,
                      },
                    ],
                    "writingDirection": "ltr",
                  }
                }
              >
                New password
              </Text>
            </View>
            <TextInput
              autoComplete="off"
              editable={true}
              maxFontSizeMultiplier={1.5}
              multiline={false}
              onBlur={[Function]}
              onChangeText={[Function]}
              onFocus={[Function]}
              placeholder=" "
              placeholderTextColor="rgba(0, 0, 0, 0.54)"
              secureTextEntry={true}
              selectionColor="#6200ee"
              style={
                [
                  {
                    "flexGrow": 1,
                    "margin": 0,
                    "paddingHorizontal": 14,
                    "zIndex": 1,
                  },
                  {
                    "height": 40,
                  },
                  {
                    "paddingBottom": 0,
                    "paddingTop": 0,
                  },
                  {
                    "color": "#000000",
                    "fontFamily": "System",
                    "fontSize": 16,
                    "fontVariant": undefined,
                    "fontWeight": undefined,
                    "textAlign": "left",
                    "textAlignVertical": "center",
                  },
                  false,
                  [
                    {},
                  ],
                ]
              }
              testID="text-input-outlined"
              underlineColorAndroid="transparent"
              value=""
            />
          </View>
        </View>
      </View>
      <View
        style={
          {
            "maxWidth": 250,
          }
        }
      >
        <View
          pointerEvents="none"
          style={
            [
              {
                "bottom": 0,
                "left": 0,
                "position": "absolute",
                "right": 0,
                "top": 6,
              },
              {
                "backgroundColor": "#f6f6f6",
                "borderColor": "rgba(0, 0, 0, 0.54)",
                "borderRadius": 4,
                "borderWidth": 1,
              },
            ]
          }
          testID="text-input-outline"
        />
        <View>
          <View
            style={
              [
                {
                  "paddingBottom": 0,
                },
                {
                  "minHeight": 48,
                  "paddingTop": 8,
                },
              ]
            }
          >
            <View
              collapsable={false}
              pointerEvents="none"
              style={
                {
                  "bottom": 0,
                  "left": 0,
                  "opacity": 1,
                  "position": "absolute",
                  "right": 0,
                  "top": 0,
                  "transform": [
                    {
                      "translateX": 0,
                    },
                  ],
                  "zIndex": 3,
                }
              }
            >
              <View
                collapsable={false}
                pointerEvents="none"
                style={
                  {
                    "backgroundColor": "#f6f6f6",
                    "bottom": 4,
                    "left": 10,
                    "maxHeight": 2,
                    "opacity": 0,
                    "position": "absolute",
                    "right": 0,
                    "top": 6,
                    "transform": [
                      {
                        "translateX": 0,
                      },
                    ],
                    "width": 12,
                  }
                }
              />
              <Text
                collapsable={false}
                maxFontSizeMultiplier={1.5}
                numberOfLines={1}
                style={
                  {
                    "backgroundColor": "#f6f6f6",
                    "color": "transparent",
                    "fontFamily": "System",
                    "fontSize": 16,
                    "fontWeight": undefined,
                    "left": 18,
                    "maxWidth": -28,
                    "opacity": 0,
                    "paddingHorizontal": 0,
                    "position": "absolute",
                    "textAlign": "left",
                    "top": 29,
                    "transform": [
                      {
                        "translateX": 0,
                      },
                      {
                        "translateY": 0,
                      },
                      {
                        "scale": 1,
                      },
                      {
                        "scaleY": 1,
                      },
                    ],
                    "writingDirection": "ltr",
                  }
                }
              >
                Confirm password
              </Text>
              <Text
                collapsable={false}
                maxFontSizeMultiplier={1.5}
                numberOfLines={1}
                onLayout={[Function]}
                style={
                  {
                    "color": "#6200ee",
                    "fontFamily": "System",
                    "fontSize": 16,
                    "fontWeight": undefined,
                    "left": 0,
                    "opacity": 0,
                    "paddingHorizontal": 14,
                    "position": "absolute",
                    "textAlign": "left",
                    "top": 28,
                    "transform": [
                      {
                        "translateX": 0,
                      },
                      {
                        "translateY": 0,
                      },
                      {
                        "scale": 1,
                      },
                    ],
                    "writingDirection": "ltr",
                  }
                }
              >
                Confirm password
              </Text>
              <Text
                collapsable={false}
                maxFontSizeMultiplier={1.5}
                numberOfLines={1}
                style={
                  {
                    "color": "rgba(0, 0, 0, 0.54)",
                    "fontFamily": "System",
                    "fontSize": 16,
                    "fontWeight": undefined,
                    "left": 0,
                    "opacity": 0,
                    "paddingHorizontal": 14,
                    "position": "absolute",
                    "textAlign": "left",
                    "top": 28,
                    "transform": [
                      {
                        "translateX": 0,
                      },
                      {
                        "translateY": 0,
                      },
                      {
                        "scale": 1,
                      },
                    ],
                    "writingDirection": "ltr",
                  }
                }
              >
                Confirm password
              </Text>
            </View>
            <TextInput
              autoComplete="off"
              editable={true}
              maxFontSizeMultiplier={1.5}
              multiline={false}
              onBlur={[Function]}
              onChangeText={[Function]}
              onFocus={[Function]}
              placeholder=" "
              placeholderTextColor="rgba(0, 0, 0, 0.54)"
              secureTextEntry={true}
              selectionColor="#6200ee"
              style={
                [
                  {
                    "flexGrow": 1,
                    "margin": 0,
                    "paddingHorizontal": 14,
                    "zIndex": 1,
                  },
                  {
                    "height": 40,
                  },
                  {
                    "paddingBottom": 0,
                    "paddingTop": 0,
                  },
                  {
                    "color": "#000000",
                    "fontFamily": "System",
                    "fontSize": 16,
                    "fontVariant": undefined,
                    "fontWeight": undefined,
                    "textAlign": "left",
                    "textAlignVertical": "center",
                  },
                  false,
                  [
                    {},
                  ],
                ]
              }
              testID="text-input-outlined"
              underlineColorAndroid="transparent"
              value=""
            />
          </View>
        </View>
      </View>
      <View
        collapsable={false}
        style={
          {
            "backgroundColor": "#6200ee",
            "borderColor": "transparent",
            "borderRadius": 4,
            "borderStyle": "solid",
            "borderWidth": 0,
            "elevation": 2,
            "left": 1,
            "marginTop": 10,
            "maxWidth": 100,
            "minWidth": 64,
            "shadowColor": "#000000",
            "shadowOffset": {
              "height": 0.75,
              "width": 0,
            },
            "shadowOpacity": 0.24,
            "shadowRadius": 1.5,
          }
        }
      >
        <View
          accessibilityRole="button"
          accessibilityState={
            {
              "disabled": false,
            }
          }
          accessibilityValue={
            {
              "max": undefined,
              "min": undefined,
              "now": undefined,
              "text": undefined,
            }
          }
          accessible={true}
          focusable={true}
          onClick={[Function]}
          onResponderGrant={[Function]}
          onResponderMove={[Function]}
          onResponderRelease={[Function]}
          onResponderTerminate={[Function]}
          onResponderTerminationRequest={[Function]}
          onStartShouldSetResponder={[Function]}
          style={
            [
              {
                "overflow": "hidden",
              },
              {
                "borderRadius": 4,
              },
            ]
          }
        >
          <View
            style={
              [
                {
                  "alignItems": "center",
                  "flexDirection": "row",
                  "justifyContent": "center",
                },
                undefined,
              ]
            }
          >
            <Text
              numberOfLines={1}
              selectable={false}
              style={
                [
                  {
                    "color": "#000000",
                    "fontFamily": "System",
                    "fontWeight": "400",
                  },
                  {
                    "textAlign": "left",
                  },
                  [
                    {
                      "letterSpacing": 1,
                      "marginHorizontal": 16,
                      "marginVertical": 9,
                      "textAlign": "center",
                    },
                    undefined,
                    {
                      "textTransform": "uppercase",
                    },
                    {
                      "color": "#ffffff",
                      "fontFamily": "System",
                      "fontWeight": "500",
                    },
                    {
                      "fontFamily": "System",
                      "fontWeight": "500",
                    },
                    undefined,
                  ],
                ]
              }
            >
              Change
            </Text>
          </View>
        </View>
      </View>
    </View>
    <View
      style={
        [
          {
            "backgroundColor": "rgba(0, 0, 0, 0.12)",
            "height": 0.5,
          },
          undefined,
          [
            {
              "borderColor": "#6200ee",
              "borderTopWidth": 1,
              "height": 1,
              "marginBottom": 13,
              "marginTop": 13,
            },
            {
              "opacity": 0.5,
            },
          ],
        ]
      }
    />
    <View
      style={
        {
          "paddingHorizontal": 13,
        }
      }
    >
      <Text
        style={
          [
            {
              "color": "#000000",
              "fontFamily": "System",
              "fontWeight": "400",
            },
            {
              "textAlign": "left",
            },
            [
              {
                "textAlign": "left",
              },
              {
                "color": "rgba(0, 0, 0, 0.87)",
                "fontFamily": "System",
                "fontWeight": "500",
                "writingDirection": "ltr",
              },
              [
                {
                  "fontSize": 20,
                  "letterSpacing": 0.15,
                  "lineHeight": 30,
                  "marginVertical": 2,
                },
                undefined,
              ],
            ],
          ]
        }
      >
        Group
      </Text>
      <Text>
        Group name links you and your friends on stats page at
      </Text>
      <View
        collapsable={false}
        style={
          {
            "backgroundColor": "transparent",
            "borderColor": "transparent",
            "borderRadius": 4,
            "borderStyle": "solid",
            "borderWidth": 0,
            "color": "blue",
            "elevation": 0,
            "minWidth": "auto",
            "shadowColor": "#000000",
            "shadowOffset": {
              "height": 0,
              "width": 0,
            },
            "shadowOpacity": 0,
            "shadowRadius": 0,
          }
        }
      >
        <View
          accessibilityRole="button"
          accessibilityState={
            {
              "disabled": false,
            }
          }
          accessibilityValue={
            {
              "max": undefined,
              "min": undefined,
              "now": undefined,
              "text": undefined,
            }
          }
          accessible={true}
          focusable={true}
          onClick={[Function]}
          onResponderGrant={[Function]}
          onResponderMove={[Function]}
          onResponderRelease={[Function]}
          onResponderTerminate={[Function]}
          onResponderTerminationRequest={[Function]}
          onStartShouldSetResponder={[Function]}
          style={
            [
              {
                "overflow": "hidden",
              },
              {
                "borderRadius": 4,
              },
            ]
          }
        >
          <View
            style={
              [
                {
                  "alignItems": "center",
                  "flexDirection": "row",
                  "justifyContent": "center",
                },
                undefined,
              ]
            }
          >
            <Text
              numberOfLines={1}
              selectable={false}
              style={
                [
                  {
                    "color": "#000000",
                    "fontFamily": "System",
                    "fontWeight": "400",
                  },
                  {
                    "textAlign": "left",
                  },
                  [
                    {
                      "letterSpacing": 1,
                      "marginHorizontal": 16,
                      "marginVertical": 9,
                      "textAlign": "center",
                    },
                    {
                      "marginHorizontal": 8,
                    },
                    false,
                    {
                      "color": "#6200ee",
                      "fontFamily": "System",
                      "fontWeight": "500",
                    },
                    {
                      "fontFamily": "System",
                      "fontWeight": "500",
                    },
                    undefined,
                  ],
                ]
              }
            >
              https://fudisc.henzi.fi
            </Text>
          </View>
        </View>
      </View>
      <View
        style={{}}
      >
        <View
          pointerEvents="none"
          style={
            [
              {
                "bottom": 0,
                "left": 0,
                "position": "absolute",
                "right": 0,
                "top": 6,
              },
              {
                "backgroundColor": "#f6f6f6",
                "borderColor": "green",
                "borderRadius": 4,
                "borderWidth": 1,
              },
            ]
          }
          testID="text-input-outline"
        />
        <View>
          <View
            style={
              [
                {
                  "paddingBottom": 0,
                },
                {
                  "minHeight": 48,
                  "paddingTop": 8,
                },
              ]
            }
          >
            <View
              collapsable={false}
              pointerEvents="none"
              style={
                {
                  "bottom": 0,
                  "left": 0,
                  "opacity": 1,
                  "position": "absolute",
                  "right": 0,
                  "top": 0,
                  "transform": [
                    {
                      "translateX": 0,
                    },
                  ],
                  "zIndex": 3,
                }
              }
            >
              <View
                collapsable={false}
                pointerEvents="none"
                style={
                  {
                    "backgroundColor": "#f6f6f6",
                    "bottom": 4,
                    "left": 10,
                    "maxHeight": 2,
                    "opacity": 0,
                    "position": "absolute",
                    "right": 0,
                    "top": 6,
                    "transform": [
                      {
                        "translateX": 0,
                      },
                    ],
                    "width": 12,
                  }
                }
              />
              <Text
                collapsable={false}
                maxFontSizeMultiplier={1.5}
                numberOfLines={1}
                style={
                  {
                    "backgroundColor": "#f6f6f6",
                    "color": "transparent",
                    "fontFamily": "System",
                    "fontSize": 16,
                    "fontWeight": undefined,
                    "left": 18,
                    "maxWidth": -28,
                    "opacity": 0,
                    "paddingHorizontal": 0,
                    "position": "absolute",
                    "textAlign": "left",
                    "top": 29,
                    "transform": [
                      {
                        "translateX": 0,
                      },
                      {
                        "translateY": 0,
                      },
                      {
                        "scale": 1,
                      },
                      {
                        "scaleY": 1,
                      },
                    ],
                    "writingDirection": "ltr",
                  }
                }
              >
                Group name
              </Text>
              <Text
                collapsable={false}
                maxFontSizeMultiplier={1.5}
                numberOfLines={1}
                onLayout={[Function]}
                style={
                  {
                    "color": "#6200ee",
                    "fontFamily": "System",
                    "fontSize": 16,
                    "fontWeight": undefined,
                    "left": 0,
                    "opacity": 0,
                    "paddingHorizontal": 14,
                    "position": "absolute",
                    "textAlign": "left",
                    "top": 28,
                    "transform": [
                      {
                        "translateX": 0,
                      },
                      {
                        "translateY": 0,
                      },
                      {
                        "scale": 1,
                      },
                    ],
                    "writingDirection": "ltr",
                  }
                }
              >
                Group name
              </Text>
              <Text
                collapsable={false}
                maxFontSizeMultiplier={1.5}
                numberOfLines={1}
                style={
                  {
                    "color": "rgba(0, 0, 0, 0.54)",
                    "fontFamily": "System",
                    "fontSize": 16,
                    "fontWeight": undefined,
                    "left": 0,
                    "opacity": 0,
                    "paddingHorizontal": 14,
                    "position": "absolute",
                    "textAlign": "left",
                    "top": 28,
                    "transform": [
                      {
                        "translateX": 0,
                      },
                      {
                        "translateY": 0,
                      },
                      {
                        "scale": 1,
                      },
                    ],
                    "writingDirection": "ltr",
                  }
                }
              >
                Group name
              </Text>
            </View>
            <TextInput
              editable={true}
              maxFontSizeMultiplier={1.5}
              multiline={false}
              onBlur={[Function]}
              onChangeText={[Function]}
              onFocus={[Function]}
              placeholder=" "
              placeholderTextColor="rgba(0, 0, 0, 0.54)"
              selectionColor="#6200ee"
              style={
                [
                  {
                    "flexGrow": 1,
                    "margin": 0,
                    "paddingHorizontal": 14,
                    "zIndex": 1,
                  },
                  {
                    "height": 40,
                  },
                  {
                    "paddingBottom": 0,
                    "paddingTop": 0,
                  },
                  {
                    "color": "#000000",
                    "fontFamily": "System",
                    "fontSize": 16,
                    "fontVariant": undefined,
                    "fontWeight": undefined,
                    "textAlign": "left",
                    "textAlignVertical": "center",
                  },
                  false,
                  {
                    "marginRight": 44,
                    "paddingRight": 0,
                  },
                ]
              }
              testID="text-input-outlined"
              underlineColorAndroid="transparent"
            />
          </View>
          <View
            style={
              [
                {
                  "alignItems": "center",
                  "height": 24,
                  "justifyContent": "center",
                  "position": "absolute",
                  "width": 24,
                },
                {
                  "right": 12,
                  "top": 15,
                },
              ]
            }
          >
            <View
              accessibilityRole="button"
              accessibilityState={
                {
                  "disabled": false,
                }
              }
              accessibilityValue={
                {
                  "max": undefined,
                  "min": undefined,
                  "now": undefined,
                  "text": undefined,
                }
              }
              accessible={true}
              focusable={true}
              hitSlop={
                {
                  "bottom": 6,
                  "left": 6,
                  "right": 6,
                  "top": 6,
                }
              }
              onClick={[Function]}
              onResponderGrant={[Function]}
              onResponderMove={[Function]}
              onResponderRelease={[Function]}
              onResponderTerminate={[Function]}
              onResponderTerminationRequest={[Function]}
              onStartShouldSetResponder={[Function]}
              style={
                [
                  {
                    "overflow": "hidden",
                  },
                  [
                    {
                      "alignItems": "center",
                      "justifyContent": "center",
                      "margin": 6,
                      "overflow": "hidden",
                    },
                    {
                      "borderRadius": 18,
                      "height": 36,
                      "width": 36,
                    },
                    undefined,
                    {
                      "margin": 0,
                    },
                  ],
                ]
              }
            >
              <View>
                <Text />
              </View>
            </View>
          </View>
        </View>
      </View>
      <View
        style={
          {
            "marginVertical": 10,
          }
        }
      />
      <View
        collapsable={false}
        style={
          {
            "backgroundColor": "rgba(0, 0, 0, 0.12)",
            "borderColor": "transparent",
            "borderRadius": 4,
            "borderStyle": "solid",
            "borderWidth": 0,
            "elevation": 0,
            "minWidth": 64,
            "shadowColor": "#000000",
            "shadowOffset": {
              "height": 0,
              "width": 0,
            },
            "shadowOpacity": 0,
            "shadowRadius": 0,
          }
        }
      >
        <View
          accessibilityRole="button"
          accessibilityState={
            {
              "disabled": true,
            }
          }
          accessibilityValue={
            {
              "max": undefined,
              "min": undefined,
              "now": undefined,
              "text": undefined,
            }
          }
          accessible={true}
          focusable={true}
          onClick={[Function]}
          onResponderGrant={[Function]}
          onResponderMove={[Function]}
          onResponderRelease={[Function]}
          onResponderTerminate={[Function]}
          onResponderTerminationRequest={[Function]}
          onStartShouldSetResponder={[Function]}
          style={
            [
              {
                "overflow": "hidden",
              },
              {
                "borderRadius": 4,
              },
            ]
          }
        >
          <View
            style={
              [
                {
                  "alignItems": "center",
                  "flexDirection": "row",
                  "justifyContent": "center",
                },
                undefined,
              ]
            }
          >
            <Text
              numberOfLines={1}
              selectable={false}
              style={
                [
                  {
                    "color": "#000000",
                    "fontFamily": "System",
                    "fontWeight": "400",
                  },
                  {
                    "textAlign": "left",
                  },
                  [
                    {
                      "letterSpacing": 1,
                      "marginHorizontal": 16,
                      "marginVertical": 9,
                      "textAlign": "center",
                    },
                    undefined,
                    {
                      "textTransform": "uppercase",
                    },
                    {
                      "color": "rgba(0, 0, 0, 0.32)",
                      "fontFamily": "System",
                      "fontWeight": "500",
                    },
                    {
                      "fontFamily": "System",
                      "fontWeight": "500",
                    },
                    undefined,
                  ],
                ]
              }
            >
              Save
            </Text>
          </View>
        </View>
      </View>
    </View>
    <View
      style={
        [
          {
            "backgroundColor": "rgba(0, 0, 0, 0.12)",
            "height": 0.5,
          },
          undefined,
          [
            {
              "borderColor": "#6200ee",
              "borderTopWidth": 1,
              "height": 1,
              "marginBottom": 13,
              "marginTop": 13,
            },
            {
              "opacity": 0.5,
            },
          ],
        ]
      }
    />
    <View
      style={
        {
          "paddingHorizontal": 13,
        }
      }
    >
      <Text
        style={
          [
            {
              "color": "#000000",
              "fontFamily": "System",
              "fontWeight": "400",
            },
            {
              "textAlign": "left",
            },
            [
              {
                "textAlign": "left",
              },
              {
                "color": "rgba(0, 0, 0, 0.87)",
                "fontFamily": "System",
                "fontWeight": "500",
                "writingDirection": "ltr",
              },
              [
                {
                  "fontSize": 20,
                  "letterSpacing": 0.15,
                  "lineHeight": 30,
                  "marginVertical": 2,
                },
                undefined,
              ],
            ],
          ]
        }
      >
        Info
      </Text>
      <View
        style={
          [
            {
              "alignItems": "center",
              "display": "flex",
              "flexDirection": "row",
              "justifyContent": "space-between",
              "marginTop": 5,
              "width": "100%",
            },
          ]
        }
      >
        <Text>
          version
        </Text>
        <Text
          style={
            {
              "fontWeight": "bold",
            }
          }
        >
          5.6.0
        </Text>
      </View>
      <View
        style={
          [
            {
              "alignItems": "center",
              "display": "flex",
              "flexDirection": "row",
              "justifyContent": "space-between",
              "marginTop": 5,
              "width": "100%",
            },
          ]
        }
      >
        <Text>
          build
        </Text>
        <Text
          style={
            {
              "fontWeight": "bold",
            }
          }
        >
          80
        </Text>
      </View>
    </View>
    <View
      style={
        [
          {
            "backgroundColor": "rgba(0, 0, 0, 0.12)",
            "height": 0.5,
          },
          undefined,
          [
            {
              "borderColor": "#6200ee",
              "borderTopWidth": 1,
              "height": 1,
              "marginBottom": 13,
              "marginTop": 13,
            },
            {
              "opacity": 0.5,
            },
          ],
        ]
      }
    />
    <View
      style={
        {
          "paddingHorizontal": 13,
        }
      }
    >
      <View
        style={
          {
            "marginBottom": 10,
          }
        }
      >
        <Text
          style={
            [
              {
                "color": "#000000",
                "fontFamily": "System",
                "fontWeight": "400",
              },
              {
                "textAlign": "left",
              },
              [
                {
                  "textAlign": "left",
                },
                {
                  "color": "rgba(0, 0, 0, 0.87)",
                  "fontFamily": "System",
                  "fontWeight": "500",
                  "writingDirection": "ltr",
                },
                [
                  {
                    "fontSize": 20,
                    "letterSpacing": 0.15,
                    "lineHeight": 30,
                    "marginVertical": 2,
                  },
                  undefined,
                ],
              ],
            ]
          }
        >
          Delete account
        </Text>
        <Text
          style={
            [
              {
                "color": "#000000",
                "fontFamily": "System",
                "fontWeight": "400",
              },
              {
                "textAlign": "left",
              },
              [
                {
                  "textAlign": "left",
                },
                {
                  "color": "rgba(0, 0, 0, 0.87)",
                  "fontFamily": "System",
                  "fontWeight": "400",
                  "writingDirection": "ltr",
                },
                [
                  {
                    "fontSize": 14,
                    "letterSpacing": 0.25,
                    "lineHeight": 20,
                    "marginVertical": 2,
                  },
                  undefined,
                ],
              ],
            ]
          }
        >
          Delete your account permanently. Deleted accounts can not be restored afterwards.
        </Text>
        <View
          style={
            {
              "marginVertical": 10,
            }
          }
        />
        <View
          collapsable={false}
          style={
            {
              "backgroundColor": "red",
              "borderColor": "transparent",
              "borderRadius": 4,
              "borderStyle": "solid",
              "borderWidth": 0,
              "elevation": 2,
              "minWidth": 64,
              "shadowColor": "#000000",
              "shadowOffset": {
                "height": 0.75,
                "width": 0,
              },
              "shadowOpacity": 0.24,
              "shadowRadius": 1.5,
            }
          }
        >
          <View
            accessibilityRole="button"
            accessibilityState={
              {
                "disabled": false,
              }
            }
            accessibilityValue={
              {
                "max": undefined,
                "min": undefined,
                "now": undefined,
                "text": undefined,
              }
            }
            accessible={true}
            focusable={true}
            onClick={[Function]}
            onResponderGrant={[Function]}
            onResponderMove={[Function]}
            onResponderRelease={[Function]}
            onResponderTerminate={[Function]}
            onResponderTerminationRequest={[Function]}
            onStartShouldSetResponder={[Function]}
            style={
              [
                {
                  "overflow": "hidden",
                },
                {
                  "borderRadius": 4,
                },
              ]
            }
          >
            <View
              style={
                [
                  {
                    "alignItems": "center",
                    "flexDirection": "row",
                    "justifyContent": "center",
                  },
                  undefined,
                ]
              }
            >
              <Text
                numberOfLines={1}
                selectable={false}
                style={
                  [
                    {
                      "color": "#000000",
                      "fontFamily": "System",
                      "fontWeight": "400",
                    },
                    {
                      "textAlign": "left",
                    },
                    [
                      {
                        "letterSpacing": 1,
                        "marginHorizontal": 16,
                        "marginVertical": 9,
                        "textAlign": "center",
                      },
                      undefined,
                      {
                        "textTransform": "uppercase",
                      },
                      {
                        "color": "#ffffff",
                        "fontFamily": "System",
                        "fontWeight": "500",
                      },
                      {
                        "fontFamily": "System",
                        "fontWeight": "500",
                      },
                      undefined,
                    ],
                  ]
                }
              >
                Delete account
              </Text>
            </View>
          </View>
        </View>
      </View>
    </View>
  </View>
</RCTScrollView>
`;

exports[`<Settings /> testit Renderöityy oikein 1`] = `
<RCTScrollView
  contentContainerStyle={
    [
      undefined,
      undefined,
      undefined,
      false,
      {
        "backgroundColor": "#f6f6f6",
        "padding": 0,
      },
      undefined,
      undefined,
    ]
  }
>
  <View>
    <Text
      style={
        [
          {
            "color": "#000000",
            "fontFamily": "System",
            "fontWeight": "400",
          },
          {
            "textAlign": "left",
          },
          [
            {
              "textAlign": "left",
            },
            {
              "color": "rgba(0, 0, 0, 0.87)",
              "fontFamily": "System",
              "fontWeight": "500",
              "writingDirection": "ltr",
            },
            [
              {
                "fontSize": 20,
                "letterSpacing": 0.15,
                "lineHeight": 30,
                "marginVertical": 2,
              },
              {
                "marginLeft": 15,
                "marginTop": 10,
              },
            ],
          ],
        ]
      }
    >
      Friends
    </Text>
    <View
      accessibilityState={
        {
          "busy": undefined,
          "checked": undefined,
          "disabled": undefined,
          "expanded": undefined,
          "selected": undefined,
        }
      }
      accessibilityValue={
        {
          "max": undefined,
          "min": undefined,
          "now": undefined,
          "text": undefined,
        }
      }
      accessible={true}
      collapsable={false}
      focusable={true}
      onBlur={[Function]}
      onClick={[Function]}
      onFocus={[Function]}
      onResponderGrant={[Function]}
      onResponderMove={[Function]}
      onResponderRelease={[Function]}
      onResponderTerminate={[Function]}
      onResponderTerminationRequest={[Function]}
      onStartShouldSetResponder={[Function]}
    >
      <View
        style={
          [
            {
              "alignItems": "center",
              "display": "flex",
              "flexDirection": "row",
              "justifyContent": "space-between",
              "width": "100%",
            },
            undefined,
            undefined,
            undefined,
            [
              {
                "maxWidth": "100%",
                "paddingHorizontal": 15,
                "paddingVertical": 12,
              },
              {
                "borderBottomColor": "rgba(0,0,0,0.3)",
                "borderBottomWidth": 0.5,
              },
            ],
          ]
        }
      >
        <Text
          style={
            {
              "flexShrink": 1,
              "marginRight": 10,
            }
          }
        >
          Block other users from adding you as a friend
        </Text>
        <RCTSwitch
          accessibilityRole="switch"
          onChange={[Function]}
          onResponderTerminationRequest={[Function]}
          onStartShouldSetResponder={[Function]}
          onTintColor="#03dac4"
          style={
            {
              "height": 31,
              "width": 51,
            }
          }
          testID="blockFriendRequestsSwitch"
          tintColor=""
          value={false}
        />
      </View>
    </View>
    <View
      style={
        [
          {
            "backgroundColor": "rgba(0, 0, 0, 0.12)",
            "height": 0.5,
          },
          undefined,
          [
            {
              "borderColor": "#6200ee",
              "borderTopWidth": 1,
              "height": 1,
              "marginBottom": 13,
              "marginTop": 13,
            },
            {
              "opacity": 0.5,
            },
          ],
        ]
      }
    />
    <View
      style={
        {
          "paddingHorizontal": 13,
        }
      }
    >
      <Text
        style={
          [
            {
              "color": "#000000",
              "fontFamily": "System",
              "fontWeight": "400",
            },
            {
              "textAlign": "left",
            },
            [
              {
                "textAlign": "left",
              },
              {
                "color": "rgba(0, 0, 0, 0.87)",
                "fontFamily": "System",
                "fontWeight": "500",
                "writingDirection": "ltr",
              },
              [
                {
                  "fontSize": 20,
                  "letterSpacing": 0.15,
                  "lineHeight": 30,
                  "marginVertical": 2,
                },
                undefined,
              ],
            ],
          ]
        }
      >
        Change password
      </Text>
      <View
        style={
          {
            "maxWidth": 250,
          }
        }
      >
        <View
          pointerEvents="none"
          style={
            [
              {
                "bottom": 0,
                "left": 0,
                "position": "absolute",
                "right": 0,
                "top": 6,
              },
              {
                "backgroundColor": "#f6f6f6",
                "borderColor": "rgba(0, 0, 0, 0.54)",
                "borderRadius": 4,
                "borderWidth": 1,
              },
            ]
          }
          testID="text-input-outline"
        />
        <View>
          <View
            style={
              [
                {
                  "paddingBottom": 0,
                },
                {
                  "minHeight": 48,
                  "paddingTop": 8,
                },
              ]
            }
          >
            <View
              collapsable={false}
              pointerEvents="none"
              style={
                {
                  "bottom": 0,
                  "left": 0,
                  "opacity": 1,
                  "position": "absolute",
                  "right": 0,
                  "top": 0,
                  "transform": [
                    {
                      "translateX": 0,
                    },
                  ],
                  "zIndex": 3,
                }
              }
            >
              <View
                collapsable={false}
                pointerEvents="none"
                style={
                  {
                    "backgroundColor": "#f6f6f6",
                    "bottom": 4,
                    "left": 10,
                    "maxHeight": 2,
                    "opacity": 0,
                    "position": "absolute",
                    "right": 0,
                    "top": 6,
                    "transform": [
                      {
                        "translateX": 0,
                      },
                    ],
                    "width": 12,
                  }
                }
              />
              <Text
                collapsable={false}
                maxFontSizeMultiplier={1.5}
                numberOfLines={1}
                style={
                  {
                    "backgroundColor": "#f6f6f6",
                    "color": "transparent",
                    "fontFamily": "System",
                    "fontSize": 16,
                    "fontWeight": undefined,
                    "left": 18,
                    "maxWidth": -28,
                    "opacity": 0,
                    "paddingHorizontal": 0,
                    "position": "absolute",
                    "textAlign": "left",
                    "top": 29,
                    "transform": [
                      {
                        "translateX": 0,
                      },
                      {
                        "translateY": 0,
                      },
                      {
                        "scale": 1,
                      },
                      {
                        "scaleY": 1,
                      },
                    ],
                    "writingDirection": "ltr",
                  }
                }
              >
                New password
              </Text>
              <Text
                collapsable={false}
                maxFontSizeMultiplier={1.5}
                numberOfLines={1}
                onLayout={[Function]}
                style={
                  {
                    "color": "#6200ee",
                    "fontFamily": "System",
                    "fontSize": 16,
                    "fontWeight": undefined,
                    "left": 0,
                    "opacity": 0,
                    "paddingHorizontal": 14,
                    "position": "absolute",
                    "textAlign": "left",
                    "top": 28,
                    "transform": [
                      {
                        "translateX": 0,
                      },
                      {
                        "translateY": 0,
                      },
                      {
                        "scale": 1,
                      },
                    ],
                    "writingDirection": "ltr",
                  }
                }
              >
                New password
              </Text>
              <Text
                collapsable={false}
                maxFontSizeMultiplier={1.5}
                numberOfLines={1}
                style={
                  {
                    "color": "rgba(0, 0, 0, 0.54)",
                    "fontFamily": "System",
                    "fontSize": 16,
                    "fontWeight": undefined,
                    "left": 0,
                    "opacity": 0,
                    "paddingHorizontal": 14,
                    "position": "absolute",
                    "textAlign": "left",
                    "top": 28,
                    "transform": [
                      {
                        "translateX": 0,
                      },
                      {
                        "translateY": 0,
                      },
                      {
                        "scale": 1,
                      },
                    ],
                    "writingDirection": "ltr",
                  }
                }
              >
                New password
              </Text>
            </View>
            <TextInput
              autoComplete="off"
              editable={true}
              maxFontSizeMultiplier={1.5}
              multiline={false}
              onBlur={[Function]}
              onChangeText={[Function]}
              onFocus={[Function]}
              placeholder=" "
              placeholderTextColor="rgba(0, 0, 0, 0.54)"
              secureTextEntry={true}
              selectionColor="#6200ee"
              style={
                [
                  {
                    "flexGrow": 1,
                    "margin": 0,
                    "paddingHorizontal": 14,
                    "zIndex": 1,
                  },
                  {
                    "height": 40,
                  },
                  {
                    "paddingBottom": 0,
                    "paddingTop": 0,
                  },
                  {
                    "color": "#000000",
                    "fontFamily": "System",
                    "fontSize": 16,
                    "fontVariant": undefined,
                    "fontWeight": undefined,
                    "textAlign": "left",
                    "textAlignVertical": "center",
                  },
                  false,
                  [
                    {},
                  ],
                ]
              }
              testID="text-input-outlined"
              underlineColorAndroid="transparent"
              value=""
            />
          </View>
        </View>
      </View>
      <View
        style={
          {
            "maxWidth": 250,
          }
        }
      >
        <View
          pointerEvents="none"
          style={
            [
              {
                "bottom": 0,
                "left": 0,
                "position": "absolute",
                "right": 0,
                "top": 6,
              },
              {
                "backgroundColor": "#f6f6f6",
                "borderColor": "rgba(0, 0, 0, 0.54)",
                "borderRadius": 4,
                "borderWidth": 1,
              },
            ]
          }
          testID="text-input-outline"
        />
        <View>
          <View
            style={
              [
                {
                  "paddingBottom": 0,
                },
                {
                  "minHeight": 48,
                  "paddingTop": 8,
                },
              ]
            }
          >
            <View
              collapsable={false}
              pointerEvents="none"
              style={
                {
                  "bottom": 0,
                  "left": 0,
                  "opacity": 1,
                  "position": "absolute",
                  "right": 0,
                  "top": 0,
                  "transform": [
                    {
                      "translateX": 0,
                    },
                  ],
                  "zIndex": 3,
                }
              }
            >
              <View
                collapsable={false}
                pointerEvents="none"
                style={
                  {
                    "backgroundColor": "#f6f6f6",
                    "bottom": 4,
                    "left": 10,
                    "maxHeight": 2,
                    "opacity": 0,
                    "position": "absolute",
                    "right": 0,
                    "top": 6,
                    "transform": [
                      {
                        "translateX": 0,
                      },
                    ],
                    "width": 12,
                  }
                }
              />
              <Text
                collapsable={false}
                maxFontSizeMultiplier={1.5}
                numberOfLines={1}
                style={
                  {
                    "backgroundColor": "#f6f6f6",
                    "color": "transparent",
                    "fontFamily": "System",
                    "fontSize": 16,
                    "fontWeight": undefined,
                    "left": 18,
                    "maxWidth": -28,
                    "opacity": 0,
                    "paddingHorizontal": 0,
                    "position": "absolute",
                    "textAlign": "left",
                    "top": 29,
                    "transform": [
                      {
                        "translateX": 0,
                      },
                      {
                        "translateY": 0,
                      },
                      {
                        "scale": 1,
                      },
                      {
                        "scaleY": 1,
                      },
                    ],
                    "writingDirection": "ltr",
                  }
                }
              >
                Confirm password
              </Text>
              <Text
                collapsable={false}
                maxFontSizeMultiplier={1.5}
                numberOfLines={1}
                onLayout={[Function]}
                style={
                  {
                    "color": "#6200ee",
                    "fontFamily": "System",
                    "fontSize": 16,
                    "fontWeight": undefined,
                    "left": 0,
                    "opacity": 0,
                    "paddingHorizontal": 14,
                    "position": "absolute",
                    "textAlign": "left",
                    "top": 28,
                    "transform": [
                      {
                        "translateX": 0,
                      },
                      {
                        "translateY": 0,
                      },
                      {
                        "scale": 1,
                      },
                    ],
                    "writingDirection": "ltr",
                  }
                }
              >
                Confirm password
              </Text>
              <Text
                collapsable={false}
                maxFontSizeMultiplier={1.5}
                numberOfLines={1}
                style={
                  {
                    "color": "rgba(0, 0, 0, 0.54)",
                    "fontFamily": "System",
                    "fontSize": 16,
                    "fontWeight": undefined,
                    "left": 0,
                    "opacity": 0,
                    "paddingHorizontal": 14,
                    "position": "absolute",
                    "textAlign": "left",
                    "top": 28,
                    "transform": [
                      {
                        "translateX": 0,
                      },
                      {
                        "translateY": 0,
                      },
                      {
                        "scale": 1,
                      },
                    ],
                    "writingDirection": "ltr",
                  }
                }
              >
                Confirm password
              </Text>
            </View>
            <TextInput
              autoComplete="off"
              editable={true}
              maxFontSizeMultiplier={1.5}
              multiline={false}
              onBlur={[Function]}
              onChangeText={[Function]}
              onFocus={[Function]}
              placeholder=" "
              placeholderTextColor="rgba(0, 0, 0, 0.54)"
              secureTextEntry={true}
              selectionColor="#6200ee"
              style={
                [
                  {
                    "flexGrow": 1,
                    "margin": 0,
                    "paddingHorizontal": 14,
                    "zIndex": 1,
                  },
                  {
                    "height": 40,
                  },
                  {
                    "paddingBottom": 0,
                    "paddingTop": 0,
                  },
                  {
                    "color": "#000000",
                    "fontFamily": "System",
                    "fontSize": 16,
                    "fontVariant": undefined,
                    "fontWeight": undefined,
                    "textAlign": "left",
                    "textAlignVertical": "center",
                  },
                  false,
                  [
                    {},
                  ],
                ]
              }
              testID="text-input-outlined"
              underlineColorAndroid="transparent"
              value=""
            />
          </View>
        </View>
      </View>
      <View
        collapsable={false}
        style={
          {
            "backgroundColor": "#6200ee",
            "borderColor": "transparent",
            "borderRadius": 4,
            "borderStyle": "solid",
            "borderWidth": 0,
            "elevation": 2,
            "left": 1,
            "marginTop": 10,
            "maxWidth": 100,
            "minWidth": 64,
            "shadowColor": "#000000",
            "shadowOffset": {
              "height": 0.75,
              "width": 0,
            },
            "shadowOpacity": 0.24,
            "shadowRadius": 1.5,
          }
        }
      >
        <View
          accessibilityRole="button"
          accessibilityState={
            {
              "disabled": false,
            }
          }
          accessibilityValue={
            {
              "max": undefined,
              "min": undefined,
              "now": undefined,
              "text": undefined,
            }
          }
          accessible={true}
          focusable={true}
          onClick={[Function]}
          onResponderGrant={[Function]}
          onResponderMove={[Function]}
          onResponderRelease={[Function]}
          onResponderTerminate={[Function]}
          onResponderTerminationRequest={[Function]}
          onStartShouldSetResponder={[Function]}
          style={
            [
              {
                "overflow": "hidden",
              },
              {
                "borderRadius": 4,
              },
            ]
          }
        >
          <View
            style={
              [
                {
                  "alignItems": "center",
                  "flexDirection": "row",
                  "justifyContent": "center",
                },
                undefined,
              ]
            }
          >
            <Text
              numberOfLines={1}
              selectable={false}
              style={
                [
                  {
                    "color": "#000000",
                    "fontFamily": "System",
                    "fontWeight": "400",
                  },
                  {
                    "textAlign": "left",
                  },
                  [
                    {
                      "letterSpacing": 1,
                      "marginHorizontal": 16,
                      "marginVertical": 9,
                      "textAlign": "center",
                    },
                    undefined,
                    {
                      "textTransform": "uppercase",
                    },
                    {
                      "color": "#ffffff",
                      "fontFamily": "System",
                      "fontWeight": "500",
                    },
                    {
                      "fontFamily": "System",
                      "fontWeight": "500",
                    },
                    undefined,
                  ],
                ]
              }
            >
              Change
            </Text>
          </View>
        </View>
      </View>
    </View>
    <View
      style={
        [
          {
            "backgroundColor": "rgba(0, 0, 0, 0.12)",
            "height": 0.5,
          },
          undefined,
          [
            {
              "borderColor": "#6200ee",
              "borderTopWidth": 1,
              "height": 1,
              "marginBottom": 13,
              "marginTop": 13,
            },
            {
              "opacity": 0.5,
            },
          ],
        ]
      }
    />
    <View
      style={
        {
          "paddingHorizontal": 13,
        }
      }
    >
      <Text
        style={
          [
            {
              "color": "#000000",
              "fontFamily": "System",
              "fontWeight": "400",
            },
            {
              "textAlign": "left",
            },
            [
              {
                "textAlign": "left",
              },
              {
                "color": "rgba(0, 0, 0, 0.87)",
                "fontFamily": "System",
                "fontWeight": "500",
                "writingDirection": "ltr",
              },
              [
                {
                  "fontSize": 20,
                  "letterSpacing": 0.15,
                  "lineHeight": 30,
                  "marginVertical": 2,
                },
                undefined,
              ],
            ],
          ]
        }
      >
        Group
      </Text>
      <Text>
        Group name links you and your friends on stats page at
      </Text>
      <View
        collapsable={false}
        style={
          {
            "backgroundColor": "transparent",
            "borderColor": "transparent",
            "borderRadius": 4,
            "borderStyle": "solid",
            "borderWidth": 0,
            "color": "blue",
            "elevation": 0,
            "minWidth": "auto",
            "shadowColor": "#000000",
            "shadowOffset": {
              "height": 0,
              "width": 0,
            },
            "shadowOpacity": 0,
            "shadowRadius": 0,
          }
        }
      >
        <View
          accessibilityRole="button"
          accessibilityState={
            {
              "disabled": false,
            }
          }
          accessibilityValue={
            {
              "max": undefined,
              "min": undefined,
              "now": undefined,
              "text": undefined,
            }
          }
          accessible={true}
          focusable={true}
          onClick={[Function]}
          onResponderGrant={[Function]}
          onResponderMove={[Function]}
          onResponderRelease={[Function]}
          onResponderTerminate={[Function]}
          onResponderTerminationRequest={[Function]}
          onStartShouldSetResponder={[Function]}
          style={
            [
              {
                "overflow": "hidden",
              },
              {
                "borderRadius": 4,
              },
            ]
          }
        >
          <View
            style={
              [
                {
                  "alignItems": "center",
                  "flexDirection": "row",
                  "justifyContent": "center",
                },
                undefined,
              ]
            }
          >
            <Text
              numberOfLines={1}
              selectable={false}
              style={
                [
                  {
                    "color": "#000000",
                    "fontFamily": "System",
                    "fontWeight": "400",
                  },
                  {
                    "textAlign": "left",
                  },
                  [
                    {
                      "letterSpacing": 1,
                      "marginHorizontal": 16,
                      "marginVertical": 9,
                      "textAlign": "center",
                    },
                    {
                      "marginHorizontal": 8,
                    },
                    false,
                    {
                      "color": "#6200ee",
                      "fontFamily": "System",
                      "fontWeight": "500",
                    },
                    {
                      "fontFamily": "System",
                      "fontWeight": "500",
                    },
                    undefined,
                  ],
                ]
              }
            >
              https://fudisc.henzi.fi
            </Text>
          </View>
        </View>
      </View>
      <View
        style={{}}
      >
        <View
          pointerEvents="none"
          style={
            [
              {
                "bottom": 0,
                "left": 0,
                "position": "absolute",
                "right": 0,
                "top": 6,
              },
              {
                "backgroundColor": "#f6f6f6",
                "borderColor": "green",
                "borderRadius": 4,
                "borderWidth": 1,
              },
            ]
          }
          testID="text-input-outline"
        />
        <View>
          <View
            style={
              [
                {
                  "paddingBottom": 0,
                },
                {
                  "minHeight": 48,
                  "paddingTop": 8,
                },
              ]
            }
          >
            <View
              collapsable={false}
              pointerEvents="none"
              style={
                {
                  "bottom": 0,
                  "left": 0,
                  "opacity": 1,
                  "position": "absolute",
                  "right": 0,
                  "top": 0,
                  "transform": [
                    {
                      "translateX": 0,
                    },
                  ],
                  "zIndex": 3,
                }
              }
            >
              <View
                collapsable={false}
                pointerEvents="none"
                style={
                  {
                    "backgroundColor": "#f6f6f6",
                    "bottom": 4,
                    "left": 10,
                    "maxHeight": 2,
                    "opacity": 0,
                    "position": "absolute",
                    "right": 0,
                    "top": 6,
                    "transform": [
                      {
                        "translateX": 0,
                      },
                    ],
                    "width": 12,
                  }
                }
              />
              <Text
                collapsable={false}
                maxFontSizeMultiplier={1.5}
                numberOfLines={1}
                style={
                  {
                    "backgroundColor": "#f6f6f6",
                    "color": "transparent",
                    "fontFamily": "System",
                    "fontSize": 16,
                    "fontWeight": undefined,
                    "left": 18,
                    "maxWidth": -28,
                    "opacity": 0,
                    "paddingHorizontal": 0,
                    "position": "absolute",
                    "textAlign": "left",
                    "top": 29,
                    "transform": [
                      {
                        "translateX": 0,
                      },
                      {
                        "translateY": 0,
                      },
                      {
                        "scale": 1,
                      },
                      {
                        "scaleY": 1,
                      },
                    ],
                    "writingDirection": "ltr",
                  }
                }
              >
                Group name
              </Text>
              <Text
                collapsable={false}
                maxFontSizeMultiplier={1.5}
                numberOfLines={1}
                onLayout={[Function]}
                style={
                  {
                    "color": "#6200ee",
                    "fontFamily": "System",
                    "fontSize": 16,
                    "fontWeight": undefined,
                    "left": 0,
                    "opacity": 0,
                    "paddingHorizontal": 14,
                    "position": "absolute",
                    "textAlign": "left",
                    "top": 28,
                    "transform": [
                      {
                        "translateX": 0,
                      },
                      {
                        "translateY": 0,
                      },
                      {
                        "scale": 1,
                      },
                    ],
                    "writingDirection": "ltr",
                  }
                }
              >
                Group name
              </Text>
              <Text
                collapsable={false}
                maxFontSizeMultiplier={1.5}
                numberOfLines={1}
                style={
                  {
                    "color": "rgba(0, 0, 0, 0.54)",
                    "fontFamily": "System",
                    "fontSize": 16,
                    "fontWeight": undefined,
                    "left": 0,
                    "opacity": 0,
                    "paddingHorizontal": 14,
                    "position": "absolute",
                    "textAlign": "left",
                    "top": 28,
                    "transform": [
                      {
                        "translateX": 0,
                      },
                      {
                        "translateY": 0,
                      },
                      {
                        "scale": 1,
                      },
                    ],
                    "writingDirection": "ltr",
                  }
                }
              >
                Group name
              </Text>
            </View>
            <TextInput
              editable={true}
              maxFontSizeMultiplier={1.5}
              multiline={false}
              onBlur={[Function]}
              onChangeText={[Function]}
              onFocus={[Function]}
              placeholder=" "
              placeholderTextColor="rgba(0, 0, 0, 0.54)"
              selectionColor="#6200ee"
              style={
                [
                  {
                    "flexGrow": 1,
                    "margin": 0,
                    "paddingHorizontal": 14,
                    "zIndex": 1,
                  },
                  {
                    "height": 40,
                  },
                  {
                    "paddingBottom": 0,
                    "paddingTop": 0,
                  },
                  {
                    "color": "#000000",
                    "fontFamily": "System",
                    "fontSize": 16,
                    "fontVariant": undefined,
                    "fontWeight": undefined,
                    "textAlign": "left",
                    "textAlignVertical": "center",
                  },
                  false,
                  {
                    "marginRight": 44,
                    "paddingRight": 0,
                  },
                ]
              }
              testID="text-input-outlined"
              underlineColorAndroid="transparent"
            />
          </View>
          <View
            style={
              [
                {
                  "alignItems": "center",
                  "height": 24,
                  "justifyContent": "center",
                  "position": "absolute",
                  "width": 24,
                },
                {
                  "right": 12,
                  "top": 15,
                },
              ]
            }
          >
            <View
              accessibilityRole="button"
              accessibilityState={
                {
                  "disabled": false,
                }
              }
              accessibilityValue={
                {
                  "max": undefined,
                  "min": undefined,
                  "now": undefined,
                  "text": undefined,
                }
              }
              accessible={true}
              focusable={true}
              hitSlop={
                {
                  "bottom": 6,
                  "left": 6,
                  "right": 6,
                  "top": 6,
                }
              }
              onClick={[Function]}
              onResponderGrant={[Function]}
              onResponderMove={[Function]}
              onResponderRelease={[Function]}
              onResponderTerminate={[Function]}
              onResponderTerminationRequest={[Function]}
              onStartShouldSetResponder={[Function]}
              style={
                [
                  {
                    "overflow": "hidden",
                  },
                  [
                    {
                      "alignItems": "center",
                      "justifyContent": "center",
                      "margin": 6,
                      "overflow": "hidden",
                    },
                    {
                      "borderRadius": 18,
                      "height": 36,
                      "width": 36,
                    },
                    undefined,
                    {
                      "margin": 0,
                    },
                  ],
                ]
              }
            >
              <View>
                <Text />
              </View>
            </View>
          </View>
        </View>
      </View>
      <View
        style={
          {
            "marginVertical": 10,
          }
        }
      />
      <View
        collapsable={false}
        style={
          {
            "backgroundColor": "rgba(0, 0, 0, 0.12)",
            "borderColor": "transparent",
            "borderRadius": 4,
            "borderStyle": "solid",
            "borderWidth": 0,
            "elevation": 0,
            "minWidth": 64,
            "shadowColor": "#000000",
            "shadowOffset": {
              "height": 0,
              "width": 0,
            },
            "shadowOpacity": 0,
            "shadowRadius": 0,
          }
        }
      >
        <View
          accessibilityRole="button"
          accessibilityState={
            {
              "disabled": true,
            }
          }
          accessibilityValue={
            {
              "max": undefined,
              "min": undefined,
              "now": undefined,
              "text": undefined,
            }
          }
          accessible={true}
          focusable={true}
          onClick={[Function]}
          onResponderGrant={[Function]}
          onResponderMove={[Function]}
          onResponderRelease={[Function]}
          onResponderTerminate={[Function]}
          onResponderTerminationRequest={[Function]}
          onStartShouldSetResponder={[Function]}
          style={
            [
              {
                "overflow": "hidden",
              },
              {
                "borderRadius": 4,
              },
            ]
          }
        >
          <View
            style={
              [
                {
                  "alignItems": "center",
                  "flexDirection": "row",
                  "justifyContent": "center",
                },
                undefined,
              ]
            }
          >
            <Text
              numberOfLines={1}
              selectable={false}
              style={
                [
                  {
                    "color": "#000000",
                    "fontFamily": "System",
                    "fontWeight": "400",
                  },
                  {
                    "textAlign": "left",
                  },
                  [
                    {
                      "letterSpacing": 1,
                      "marginHorizontal": 16,
                      "marginVertical": 9,
                      "textAlign": "center",
                    },
                    undefined,
                    {
                      "textTransform": "uppercase",
                    },
                    {
                      "color": "rgba(0, 0, 0, 0.32)",
                      "fontFamily": "System",
                      "fontWeight": "500",
                    },
                    {
                      "fontFamily": "System",
                      "fontWeight": "500",
                    },
                    undefined,
                  ],
                ]
              }
            >
              Save
            </Text>
          </View>
        </View>
      </View>
    </View>
    <View
      style={
        [
          {
            "backgroundColor": "rgba(0, 0, 0, 0.12)",
            "height": 0.5,
          },
          undefined,
          [
            {
              "borderColor": "#6200ee",
              "borderTopWidth": 1,
              "height": 1,
              "marginBottom": 13,
              "marginTop": 13,
            },
            {
              "opacity": 0.5,
            },
          ],
        ]
      }
    />
    <View
      style={
        {
          "paddingHorizontal": 13,
        }
      }
    >
      <Text
        style={
          [
            {
              "color": "#000000",
              "fontFamily": "System",
              "fontWeight": "400",
            },
            {
              "textAlign": "left",
            },
            [
              {
                "textAlign": "left",
              },
              {
                "color": "rgba(0, 0, 0, 0.87)",
                "fontFamily": "System",
                "fontWeight": "500",
                "writingDirection": "ltr",
              },
              [
                {
                  "fontSize": 20,
                  "letterSpacing": 0.15,
                  "lineHeight": 30,
                  "marginVertical": 2,
                },
                undefined,
              ],
            ],
          ]
        }
      >
        Info
      </Text>
      <View
        style={
          [
            {
              "alignItems": "center",
              "display": "flex",
              "flexDirection": "row",
              "justifyContent": "space-between",
              "marginTop": 5,
              "width": "100%",
            },
          ]
        }
      >
        <Text>
          version
        </Text>
        <Text
          style={
            {
              "fontWeight": "bold",
            }
          }
        >
          5.6.0
        </Text>
      </View>
      <View
        style={
          [
            {
              "alignItems": "center",
              "display": "flex",
              "flexDirection": "row",
              "justifyContent": "space-between",
              "marginTop": 5,
              "width": "100%",
            },
          ]
        }
      >
        <Text>
          build
        </Text>
        <Text
          style={
            {
              "fontWeight": "bold",
            }
          }
        >
          80
        </Text>
      </View>
    </View>
    <View
      style={
        [
          {
            "backgroundColor": "rgba(0, 0, 0, 0.12)",
            "height": 0.5,
          },
          undefined,
          [
            {
              "borderColor": "#6200ee",
              "borderTopWidth": 1,
              "height": 1,
              "marginBottom": 13,
              "marginTop": 13,
            },
            {
              "opacity": 0.5,
            },
          ],
        ]
      }
    />
    <View
      style={
        {
          "paddingHorizontal": 13,
        }
      }
    >
      <View
        style={
          {
            "marginBottom": 10,
          }
        }
      >
        <Text
          style={
            [
              {
                "color": "#000000",
                "fontFamily": "System",
                "fontWeight": "400",
              },
              {
                "textAlign": "left",
              },
              [
                {
                  "textAlign": "left",
                },
                {
                  "color": "rgba(0, 0, 0, 0.87)",
                  "fontFamily": "System",
                  "fontWeight": "500",
                  "writingDirection": "ltr",
                },
                [
                  {
                    "fontSize": 20,
                    "letterSpacing": 0.15,
                    "lineHeight": 30,
                    "marginVertical": 2,
                  },
                  undefined,
                ],
              ],
            ]
          }
        >
          Delete account
        </Text>
        <Text
          style={
            [
              {
                "color": "#000000",
                "fontFamily": "System",
                "fontWeight": "400",
              },
              {
                "textAlign": "left",
              },
              [
                {
                  "textAlign": "left",
                },
                {
                  "color": "rgba(0, 0, 0, 0.87)",
                  "fontFamily": "System",
                  "fontWeight": "400",
                  "writingDirection": "ltr",
                },
                [
                  {
                    "fontSize": 14,
                    "letterSpacing": 0.25,
                    "lineHeight": 20,
                    "marginVertical": 2,
                  },
                  undefined,
                ],
              ],
            ]
          }
        >
          Delete your account permanently. Deleted accounts can not be restored afterwards.
        </Text>
        <View
          style={
            {
              "marginVertical": 10,
            }
          }
        />
        <View
          collapsable={false}
          style={
            {
              "backgroundColor": "red",
              "borderColor": "transparent",
              "borderRadius": 4,
              "borderStyle": "solid",
              "borderWidth": 0,
              "elevation": 2,
              "minWidth": 64,
              "shadowColor": "#000000",
              "shadowOffset": {
                "height": 0.75,
                "width": 0,
              },
              "shadowOpacity": 0.24,
              "shadowRadius": 1.5,
            }
          }
        >
          <View
            accessibilityRole="button"
            accessibilityState={
              {
                "disabled": false,
              }
            }
            accessibilityValue={
              {
                "max": undefined,
                "min": undefined,
                "now": undefined,
                "text": undefined,
              }
            }
            accessible={true}
            focusable={true}
            onClick={[Function]}
            onResponderGrant={[Function]}
            onResponderMove={[Function]}
            onResponderRelease={[Function]}
            onResponderTerminate={[Function]}
            onResponderTerminationRequest={[Function]}
            onStartShouldSetResponder={[Function]}
            style={
              [
                {
                  "overflow": "hidden",
                },
                {
                  "borderRadius": 4,
                },
              ]
            }
          >
            <View
              style={
                [
                  {
                    "alignItems": "center",
                    "flexDirection": "row",
                    "justifyContent": "center",
                  },
                  undefined,
                ]
              }
            >
              <Text
                numberOfLines={1}
                selectable={false}
                style={
                  [
                    {
                      "color": "#000000",
                      "fontFamily": "System",
                      "fontWeight": "400",
                    },
                    {
                      "textAlign": "left",
                    },
                    [
                      {
                        "letterSpacing": 1,
                        "marginHorizontal": 16,
                        "marginVertical": 9,
                        "textAlign": "center",
                      },
                      undefined,
                      {
                        "textTransform": "uppercase",
                      },
                      {
                        "color": "#ffffff",
                        "fontFamily": "System",
                        "fontWeight": "500",
                      },
                      {
                        "fontFamily": "System",
                        "fontWeight": "500",
                      },
                      undefined,
                    ],
                  ]
                }
              >
                Delete account
              </Text>
            </View>
          </View>
        </View>
      </View>
    </View>
  </View>
</RCTScrollView>
`;
